// Vitest Snapshot v1, https://vitest.dev/guide/snapshot.html

exports[`<Loading /> > renders correctly 1`] = `
{
  "asFragment": [Function],
  "baseElement": <body>
    <div>
      <div
        aria-hidden="true"
        class="MuiBackdrop-root css-sox5kk-MuiBackdrop-root"
        style="opacity: 0; visibility: hidden;"
      >
        <div
          class="MuiStack-root css-6rg9iv-MuiStack-root"
        >
          <span
            class="MuiCircularProgress-root MuiCircularProgress-indeterminate MuiCircularProgress-colorPrimary css-mod6k9-MuiCircularProgress-root"
            role="progressbar"
            style="width: 40px; height: 40px;"
          >
            <svg
              class="MuiCircularProgress-svg css-1idz92c-MuiCircularProgress-svg"
              viewBox="22 22 44 44"
            >
              <circle
                class="MuiCircularProgress-circle MuiCircularProgress-circleIndeterminate css-176wh8e-MuiCircularProgress-circle"
                cx="44"
                cy="44"
                fill="none"
                r="20.2"
                stroke-width="3.6"
              />
            </svg>
          </span>
        </div>
      </div>
    </div>
  </body>,
  "container": <div>
    <div
      aria-hidden="true"
      class="MuiBackdrop-root css-sox5kk-MuiBackdrop-root"
      style="opacity: 0; visibility: hidden;"
    >
      <div
        class="MuiStack-root css-6rg9iv-MuiStack-root"
      >
        <span
          class="MuiCircularProgress-root MuiCircularProgress-indeterminate MuiCircularProgress-colorPrimary css-mod6k9-MuiCircularProgress-root"
          role="progressbar"
          style="width: 40px; height: 40px;"
        >
          <svg
            class="MuiCircularProgress-svg css-1idz92c-MuiCircularProgress-svg"
            viewBox="22 22 44 44"
          >
            <circle
              class="MuiCircularProgress-circle MuiCircularProgress-circleIndeterminate css-176wh8e-MuiCircularProgress-circle"
              cx="44"
              cy="44"
              fill="none"
              r="20.2"
              stroke-width="3.6"
            />
          </svg>
        </span>
      </div>
    </div>
  </div>,
  "debug": [Function],
  "findAllByAltText": [Function],
  "findAllByDisplayValue": [Function],
  "findAllByLabelText": [Function],
  "findAllByPlaceholderText": [Function],
  "findAllByRole": [Function],
  "findAllByTestId": [Function],
  "findAllByText": [Function],
  "findAllByTitle": [Function],
  "findByAltText": [Function],
  "findByDisplayValue": [Function],
  "findByLabelText": [Function],
  "findByPlaceholderText": [Function],
  "findByRole": [Function],
  "findByTestId": [Function],
  "findByText": [Function],
  "findByTitle": [Function],
  "getAllByAltText": [Function],
  "getAllByDisplayValue": [Function],
  "getAllByLabelText": [Function],
  "getAllByPlaceholderText": [Function],
  "getAllByRole": [Function],
  "getAllByTestId": [Function],
  "getAllByText": [Function],
  "getAllByTitle": [Function],
  "getByAltText": [Function],
  "getByDisplayValue": [Function],
  "getByLabelText": [Function],
  "getByPlaceholderText": [Function],
  "getByRole": [Function],
  "getByTestId": [Function],
  "getByText": [Function],
  "getByTitle": [Function],
  "queryAllByAltText": [Function],
  "queryAllByDisplayValue": [Function],
  "queryAllByLabelText": [Function],
  "queryAllByPlaceholderText": [Function],
  "queryAllByRole": [Function],
  "queryAllByTestId": [Function],
  "queryAllByText": [Function],
  "queryAllByTitle": [Function],
  "queryByAltText": [Function],
  "queryByDisplayValue": [Function],
  "queryByLabelText": [Function],
  "queryByPlaceholderText": [Function],
  "queryByRole": [Function],
  "queryByTestId": [Function],
  "queryByText": [Function],
  "queryByTitle": [Function],
  "rerender": [Function],
  "unmount": [Function],
}
`;
