// Vitest Snapshot v1, https://vitest.dev/guide/snapshot.html

exports[`<Recipe /> > renders correctly 1`] = `
{
  "asFragment": [Function],
  "baseElement": <body>
    <div>
      <div
        class="MuiStack-root css-30re44-MuiStack-root"
      >
        <div
          class="MuiStack-root css-1sf5043-MuiStack-root"
        >
          <div
            class="MuiBox-root css-i9gxme"
          />
          <div
            class="MuiStack-root css-hy5tm-MuiStack-root"
          >
            <svg
              aria-hidden="true"
              class="MuiSvgIcon-root MuiSvgIcon-fontSizeMedium css-ykxrwf-MuiSvgIcon-root"
              data-testid="ErrorOutlineIcon"
              focusable="false"
              viewBox="0 0 24 24"
            >
              <path
                d="M11 15h2v2h-2zm0-8h2v6h-2zm.99-5C6.47 2 2 6.48 2 12s4.47 10 9.99 10C17.52 22 22 17.52 22 12S17.52 2 11.99 2M12 20c-4.42 0-8-3.58-8-8s3.58-8 8-8 8 3.58 8 8-3.58 8-8 8"
              />
            </svg>
            <h5
              class="MuiTypography-root MuiTypography-h5 MuiTypography-gutterBottom css-1b7t60j-MuiTypography-root"
            >
              cart.empty
            </h5>
            <p
              class="MuiTypography-root MuiTypography-body1 css-1che66z-MuiTypography-root"
            >
              cart.hint
            </p>
          </div>
          <div
            class="MuiBox-root css-i9gxme"
          />
        </div>
        <div
          aria-hidden="true"
          class="MuiBackdrop-root css-sox5kk-MuiBackdrop-root"
          style="opacity: 0; visibility: hidden;"
        >
          <div
            class="MuiStack-root css-6rg9iv-MuiStack-root"
          >
            <span
              class="MuiCircularProgress-root MuiCircularProgress-indeterminate MuiCircularProgress-colorPrimary css-mod6k9-MuiCircularProgress-root"
              role="progressbar"
              style="width: 40px; height: 40px;"
            >
              <svg
                class="MuiCircularProgress-svg css-1idz92c-MuiCircularProgress-svg"
                viewBox="22 22 44 44"
              >
                <circle
                  class="MuiCircularProgress-circle MuiCircularProgress-circleIndeterminate css-176wh8e-MuiCircularProgress-circle"
                  cx="44"
                  cy="44"
                  fill="none"
                  r="20.2"
                  stroke-width="3.6"
                />
              </svg>
            </span>
            <p
              class="MuiTypography-root MuiTypography-body1 css-1r0phtf-MuiTypography-root"
            >
              cart.processing
            </p>
          </div>
        </div>
      </div>
    </div>
  </body>,
  "container": <div>
    <div
      class="MuiStack-root css-30re44-MuiStack-root"
    >
      <div
        class="MuiStack-root css-1sf5043-MuiStack-root"
      >
        <div
          class="MuiBox-root css-i9gxme"
        />
        <div
          class="MuiStack-root css-hy5tm-MuiStack-root"
        >
          <svg
            aria-hidden="true"
            class="MuiSvgIcon-root MuiSvgIcon-fontSizeMedium css-ykxrwf-MuiSvgIcon-root"
            data-testid="ErrorOutlineIcon"
            focusable="false"
            viewBox="0 0 24 24"
          >
            <path
              d="M11 15h2v2h-2zm0-8h2v6h-2zm.99-5C6.47 2 2 6.48 2 12s4.47 10 9.99 10C17.52 22 22 17.52 22 12S17.52 2 11.99 2M12 20c-4.42 0-8-3.58-8-8s3.58-8 8-8 8 3.58 8 8-3.58 8-8 8"
            />
          </svg>
          <h5
            class="MuiTypography-root MuiTypography-h5 MuiTypography-gutterBottom css-1b7t60j-MuiTypography-root"
          >
            cart.empty
          </h5>
          <p
            class="MuiTypography-root MuiTypography-body1 css-1che66z-MuiTypography-root"
          >
            cart.hint
          </p>
        </div>
        <div
          class="MuiBox-root css-i9gxme"
        />
      </div>
      <div
        aria-hidden="true"
        class="MuiBackdrop-root css-sox5kk-MuiBackdrop-root"
        style="opacity: 0; visibility: hidden;"
      >
        <div
          class="MuiStack-root css-6rg9iv-MuiStack-root"
        >
          <span
            class="MuiCircularProgress-root MuiCircularProgress-indeterminate MuiCircularProgress-colorPrimary css-mod6k9-MuiCircularProgress-root"
            role="progressbar"
            style="width: 40px; height: 40px;"
          >
            <svg
              class="MuiCircularProgress-svg css-1idz92c-MuiCircularProgress-svg"
              viewBox="22 22 44 44"
            >
              <circle
                class="MuiCircularProgress-circle MuiCircularProgress-circleIndeterminate css-176wh8e-MuiCircularProgress-circle"
                cx="44"
                cy="44"
                fill="none"
                r="20.2"
                stroke-width="3.6"
              />
            </svg>
          </span>
          <p
            class="MuiTypography-root MuiTypography-body1 css-1r0phtf-MuiTypography-root"
          >
            cart.processing
          </p>
        </div>
      </div>
    </div>
  </div>,
  "debug": [Function],
  "findAllByAltText": [Function],
  "findAllByDisplayValue": [Function],
  "findAllByLabelText": [Function],
  "findAllByPlaceholderText": [Function],
  "findAllByRole": [Function],
  "findAllByTestId": [Function],
  "findAllByText": [Function],
  "findAllByTitle": [Function],
  "findByAltText": [Function],
  "findByDisplayValue": [Function],
  "findByLabelText": [Function],
  "findByPlaceholderText": [Function],
  "findByRole": [Function],
  "findByTestId": [Function],
  "findByText": [Function],
  "findByTitle": [Function],
  "getAllByAltText": [Function],
  "getAllByDisplayValue": [Function],
  "getAllByLabelText": [Function],
  "getAllByPlaceholderText": [Function],
  "getAllByRole": [Function],
  "getAllByTestId": [Function],
  "getAllByText": [Function],
  "getAllByTitle": [Function],
  "getByAltText": [Function],
  "getByDisplayValue": [Function],
  "getByLabelText": [Function],
  "getByPlaceholderText": [Function],
  "getByRole": [Function],
  "getByTestId": [Function],
  "getByText": [Function],
  "getByTitle": [Function],
  "queryAllByAltText": [Function],
  "queryAllByDisplayValue": [Function],
  "queryAllByLabelText": [Function],
  "queryAllByPlaceholderText": [Function],
  "queryAllByRole": [Function],
  "queryAllByTestId": [Function],
  "queryAllByText": [Function],
  "queryAllByTitle": [Function],
  "queryByAltText": [Function],
  "queryByDisplayValue": [Function],
  "queryByLabelText": [Function],
  "queryByPlaceholderText": [Function],
  "queryByRole": [Function],
  "queryByTestId": [Function],
  "queryByText": [Function],
  "queryByTitle": [Function],
  "rerender": [Function],
  "unmount": [Function],
}
`;
