// Vitest Snapshot v1, https://vitest.dev/guide/snapshot.html

exports[`<Packages /> > renders correctly 1`] = `
{
  "asFragment": [Function],
  "baseElement": <body>
    <div>
      <div
        class="MuiStack-root css-6rg9iv-MuiStack-root"
      >
        <div
          class="MuiBox-root css-1iketvl"
        >
          <div
            class="wave"
          />
          <div
            class="wave"
          />
          <div
            class="wave"
          />
          <div
            class="MuiContainer-root MuiContainer-maxWidthLg css-1oqqzyl-MuiContainer-root"
          >
            <h4
              class="MuiTypography-root MuiTypography-h4 css-1vj3kvx-MuiTypography-root"
            >
              packages.tagline.mac
            </h4>
            <div
              class="css-1izsnok"
            >
              <div
                class="css-1iz4iln"
              >
                <svg
                  aria-hidden="true"
                  class="MuiSvgIcon-root MuiSvgIcon-fontSizeMedium css-i4bv87-MuiSvgIcon-root"
                  data-testid="SearchIcon"
                  focusable="false"
                  viewBox="0 0 24 24"
                >
                  <path
                    d="M15.5 14h-.79l-.28-.27C15.41 12.59 16 11.11 16 9.5 16 5.91 13.09 3 9.5 3S3 5.91 3 9.5 5.91 16 9.5 16c1.61 0 3.09-.59 4.23-1.57l.27.28v.79l5 4.99L20.49 19zm-6 0C7.01 14 5 11.99 5 9.5S7.01 5 9.5 5 14 7.01 14 9.5 11.99 14 9.5 14"
                  />
                </svg>
              </div>
              <div
                class="MuiInputBase-root MuiInputBase-colorPrimary css-8b2o5r-MuiInputBase-root"
              >
                <input
                  class="MuiInputBase-input css-yz9k0d-MuiInputBase-input"
                  placeholder="packages.search.hint"
                  type="text"
                  value=""
                />
              </div>
            </div>
          </div>
        </div>
        <div
          class="MuiContainer-root MuiContainer-maxWidthLg css-1oqqzyl-MuiContainer-root"
        >
          <div
            class="MuiStack-root css-1xjyopk-MuiStack-root"
          >
            <div
              class="MuiBox-root css-i9gxme"
            >
              <h4
                class="MuiTypography-root MuiTypography-h4 MuiTypography-gutterBottom css-wa1b99-MuiTypography-root"
              >
                packages.about.title
              </h4>
              <h6
                class="MuiTypography-root MuiTypography-subtitle1 css-l6aw2k-MuiTypography-root"
              >
                packages.about.description.mac
              </h6>
            </div>
            <div
              class="MuiBox-root css-hcskjo"
            >
              <div
                class="MuiBox-root css-1vraaff"
              >
                <span
                  class="index-module_type__E-SaG type"
                  style="position: absolute; width: 318px; left: 0px; top: 0px; margin-left: 28px; margin-top: 24px; color: white; font-size: 0.5rem; font-family: monospace; word-break: break-all;"
                />
              </div>
            </div>
          </div>
        </div>
        <div
          class="MuiContainer-root MuiContainer-maxWidthLg css-1oqqzyl-MuiContainer-root"
        >
          <div
            class="MuiStack-root css-17yl5mr-MuiStack-root"
          >
            <h4
              class="MuiTypography-root MuiTypography-h4 css-t5jrrk-MuiTypography-root"
            >
              Essentials
            </h4>
            <hr
              class="MuiDivider-root MuiDivider-fullWidth css-9mgopn-MuiDivider-root"
            />
            <div
              class="MuiBox-root css-1v3caum"
            >
              <div
                class="MuiGrid-root MuiGrid-container css-xre9at-MuiGrid-root"
              />
            </div>
          </div>
          <div
            class="MuiStack-root css-17yl5mr-MuiStack-root"
          >
            <h4
              class="MuiTypography-root MuiTypography-h4 css-t5jrrk-MuiTypography-root"
            >
              Development
            </h4>
            <hr
              class="MuiDivider-root MuiDivider-fullWidth css-9mgopn-MuiDivider-root"
            />
            <div
              class="MuiBox-root css-1v3caum"
            >
              <div
                class="MuiGrid-root MuiGrid-container css-xre9at-MuiGrid-root"
              />
            </div>
          </div>
          <div
            class="MuiStack-root css-17yl5mr-MuiStack-root"
          >
            <h4
              class="MuiTypography-root MuiTypography-h4 css-t5jrrk-MuiTypography-root"
            >
              Utilities
            </h4>
            <hr
              class="MuiDivider-root MuiDivider-fullWidth css-9mgopn-MuiDivider-root"
            />
            <div
              class="MuiBox-root css-1v3caum"
            >
              <div
                class="MuiGrid-root MuiGrid-container css-xre9at-MuiGrid-root"
              />
            </div>
          </div>
        </div>
      </div>
      <div
        aria-hidden="true"
        class="MuiBackdrop-root css-sox5kk-MuiBackdrop-root"
        style="opacity: 0; visibility: hidden;"
      >
        <div
          class="MuiStack-root css-6rg9iv-MuiStack-root"
        >
          <span
            class="MuiCircularProgress-root MuiCircularProgress-indeterminate MuiCircularProgress-colorPrimary css-mod6k9-MuiCircularProgress-root"
            role="progressbar"
            style="width: 40px; height: 40px;"
          >
            <svg
              class="MuiCircularProgress-svg css-1idz92c-MuiCircularProgress-svg"
              viewBox="22 22 44 44"
            >
              <circle
                class="MuiCircularProgress-circle MuiCircularProgress-circleIndeterminate css-176wh8e-MuiCircularProgress-circle"
                cx="44"
                cy="44"
                fill="none"
                r="20.2"
                stroke-width="3.6"
              />
            </svg>
          </span>
          <p
            class="MuiTypography-root MuiTypography-body1 css-1r0phtf-MuiTypography-root"
          >
            packages.loading
          </p>
        </div>
      </div>
    </div>
  </body>,
  "container": <div>
    <div
      class="MuiStack-root css-6rg9iv-MuiStack-root"
    >
      <div
        class="MuiBox-root css-1iketvl"
      >
        <div
          class="wave"
        />
        <div
          class="wave"
        />
        <div
          class="wave"
        />
        <div
          class="MuiContainer-root MuiContainer-maxWidthLg css-1oqqzyl-MuiContainer-root"
        >
          <h4
            class="MuiTypography-root MuiTypography-h4 css-1vj3kvx-MuiTypography-root"
          >
            packages.tagline.mac
          </h4>
          <div
            class="css-1izsnok"
          >
            <div
              class="css-1iz4iln"
            >
              <svg
                aria-hidden="true"
                class="MuiSvgIcon-root MuiSvgIcon-fontSizeMedium css-i4bv87-MuiSvgIcon-root"
                data-testid="SearchIcon"
                focusable="false"
                viewBox="0 0 24 24"
              >
                <path
                  d="M15.5 14h-.79l-.28-.27C15.41 12.59 16 11.11 16 9.5 16 5.91 13.09 3 9.5 3S3 5.91 3 9.5 5.91 16 9.5 16c1.61 0 3.09-.59 4.23-1.57l.27.28v.79l5 4.99L20.49 19zm-6 0C7.01 14 5 11.99 5 9.5S7.01 5 9.5 5 14 7.01 14 9.5 11.99 14 9.5 14"
                />
              </svg>
            </div>
            <div
              class="MuiInputBase-root MuiInputBase-colorPrimary css-8b2o5r-MuiInputBase-root"
            >
              <input
                class="MuiInputBase-input css-yz9k0d-MuiInputBase-input"
                placeholder="packages.search.hint"
                type="text"
                value=""
              />
            </div>
          </div>
        </div>
      </div>
      <div
        class="MuiContainer-root MuiContainer-maxWidthLg css-1oqqzyl-MuiContainer-root"
      >
        <div
          class="MuiStack-root css-1xjyopk-MuiStack-root"
        >
          <div
            class="MuiBox-root css-i9gxme"
          >
            <h4
              class="MuiTypography-root MuiTypography-h4 MuiTypography-gutterBottom css-wa1b99-MuiTypography-root"
            >
              packages.about.title
            </h4>
            <h6
              class="MuiTypography-root MuiTypography-subtitle1 css-l6aw2k-MuiTypography-root"
            >
              packages.about.description.mac
            </h6>
          </div>
          <div
            class="MuiBox-root css-hcskjo"
          >
            <div
              class="MuiBox-root css-1vraaff"
            >
              <span
                class="index-module_type__E-SaG type"
                style="position: absolute; width: 318px; left: 0px; top: 0px; margin-left: 28px; margin-top: 24px; color: white; font-size: 0.5rem; font-family: monospace; word-break: break-all;"
              />
            </div>
          </div>
        </div>
      </div>
      <div
        class="MuiContainer-root MuiContainer-maxWidthLg css-1oqqzyl-MuiContainer-root"
      >
        <div
          class="MuiStack-root css-17yl5mr-MuiStack-root"
        >
          <h4
            class="MuiTypography-root MuiTypography-h4 css-t5jrrk-MuiTypography-root"
          >
            Essentials
          </h4>
          <hr
            class="MuiDivider-root MuiDivider-fullWidth css-9mgopn-MuiDivider-root"
          />
          <div
            class="MuiBox-root css-1v3caum"
          >
            <div
              class="MuiGrid-root MuiGrid-container css-xre9at-MuiGrid-root"
            />
          </div>
        </div>
        <div
          class="MuiStack-root css-17yl5mr-MuiStack-root"
        >
          <h4
            class="MuiTypography-root MuiTypography-h4 css-t5jrrk-MuiTypography-root"
          >
            Development
          </h4>
          <hr
            class="MuiDivider-root MuiDivider-fullWidth css-9mgopn-MuiDivider-root"
          />
          <div
            class="MuiBox-root css-1v3caum"
          >
            <div
              class="MuiGrid-root MuiGrid-container css-xre9at-MuiGrid-root"
            />
          </div>
        </div>
        <div
          class="MuiStack-root css-17yl5mr-MuiStack-root"
        >
          <h4
            class="MuiTypography-root MuiTypography-h4 css-t5jrrk-MuiTypography-root"
          >
            Utilities
          </h4>
          <hr
            class="MuiDivider-root MuiDivider-fullWidth css-9mgopn-MuiDivider-root"
          />
          <div
            class="MuiBox-root css-1v3caum"
          >
            <div
              class="MuiGrid-root MuiGrid-container css-xre9at-MuiGrid-root"
            />
          </div>
        </div>
      </div>
    </div>
    <div
      aria-hidden="true"
      class="MuiBackdrop-root css-sox5kk-MuiBackdrop-root"
      style="opacity: 0; visibility: hidden;"
    >
      <div
        class="MuiStack-root css-6rg9iv-MuiStack-root"
      >
        <span
          class="MuiCircularProgress-root MuiCircularProgress-indeterminate MuiCircularProgress-colorPrimary css-mod6k9-MuiCircularProgress-root"
          role="progressbar"
          style="width: 40px; height: 40px;"
        >
          <svg
            class="MuiCircularProgress-svg css-1idz92c-MuiCircularProgress-svg"
            viewBox="22 22 44 44"
          >
            <circle
              class="MuiCircularProgress-circle MuiCircularProgress-circleIndeterminate css-176wh8e-MuiCircularProgress-circle"
              cx="44"
              cy="44"
              fill="none"
              r="20.2"
              stroke-width="3.6"
            />
          </svg>
        </span>
        <p
          class="MuiTypography-root MuiTypography-body1 css-1r0phtf-MuiTypography-root"
        >
          packages.loading
        </p>
      </div>
    </div>
  </div>,
  "debug": [Function],
  "findAllByAltText": [Function],
  "findAllByDisplayValue": [Function],
  "findAllByLabelText": [Function],
  "findAllByPlaceholderText": [Function],
  "findAllByRole": [Function],
  "findAllByTestId": [Function],
  "findAllByText": [Function],
  "findAllByTitle": [Function],
  "findByAltText": [Function],
  "findByDisplayValue": [Function],
  "findByLabelText": [Function],
  "findByPlaceholderText": [Function],
  "findByRole": [Function],
  "findByTestId": [Function],
  "findByText": [Function],
  "findByTitle": [Function],
  "getAllByAltText": [Function],
  "getAllByDisplayValue": [Function],
  "getAllByLabelText": [Function],
  "getAllByPlaceholderText": [Function],
  "getAllByRole": [Function],
  "getAllByTestId": [Function],
  "getAllByText": [Function],
  "getAllByTitle": [Function],
  "getByAltText": [Function],
  "getByDisplayValue": [Function],
  "getByLabelText": [Function],
  "getByPlaceholderText": [Function],
  "getByRole": [Function],
  "getByTestId": [Function],
  "getByText": [Function],
  "getByTitle": [Function],
  "queryAllByAltText": [Function],
  "queryAllByDisplayValue": [Function],
  "queryAllByLabelText": [Function],
  "queryAllByPlaceholderText": [Function],
  "queryAllByRole": [Function],
  "queryAllByTestId": [Function],
  "queryAllByText": [Function],
  "queryAllByTitle": [Function],
  "queryByAltText": [Function],
  "queryByDisplayValue": [Function],
  "queryByLabelText": [Function],
  "queryByPlaceholderText": [Function],
  "queryByRole": [Function],
  "queryByTestId": [Function],
  "queryByText": [Function],
  "queryByTitle": [Function],
  "rerender": [Function],
  "unmount": [Function],
}
`;
