// Vitest Snapshot v1, https://vitest.dev/guide/snapshot.html

exports[`<DetailsView /> > renders correctly 1`] = `
{
  "asFragment": [Function],
  "baseElement": <body>
    <div>
      <div
        class="MuiStack-root css-1sazv7p-MuiStack-root"
      >
        <div
          class="MuiBox-root css-0"
        >
          <span
            class="MuiTypography-root MuiTypography-overline css-1ooch7a-MuiTypography-root"
          >
            common.description
          </span>
          <p
            class="MuiTypography-root MuiTypography-body1 css-1che66z-MuiTypography-root"
          >
            Description
          </p>
        </div>
        <div
          class="MuiBox-root css-0"
        >
          <span
            class="MuiTypography-root MuiTypography-overline css-1ooch7a-MuiTypography-root"
          >
            common.website
          </span>
          <a
            class="MuiTypography-root MuiTypography-inherit MuiLink-root MuiLink-underlineAlways css-1b3q4o2-MuiTypography-root-MuiLink-root"
            href="https://example.com"
            target="_blank"
          >
            <p
              class="MuiTypography-root MuiTypography-body1 css-1che66z-MuiTypography-root"
            >
              https://example.com
            </p>
          </a>
        </div>
        <div
          class="MuiBox-root css-0"
        >
          <span
            class="MuiTypography-root MuiTypography-overline css-1ooch7a-MuiTypography-root"
          >
            common.source
          </span>
          <p
            class="MuiTypography-root MuiTypography-body1 css-1che66z-MuiTypography-root"
          >
            Homebrew
          </p>
        </div>
      </div>
    </div>
  </body>,
  "container": <div>
    <div
      class="MuiStack-root css-1sazv7p-MuiStack-root"
    >
      <div
        class="MuiBox-root css-0"
      >
        <span
          class="MuiTypography-root MuiTypography-overline css-1ooch7a-MuiTypography-root"
        >
          common.description
        </span>
        <p
          class="MuiTypography-root MuiTypography-body1 css-1che66z-MuiTypography-root"
        >
          Description
        </p>
      </div>
      <div
        class="MuiBox-root css-0"
      >
        <span
          class="MuiTypography-root MuiTypography-overline css-1ooch7a-MuiTypography-root"
        >
          common.website
        </span>
        <a
          class="MuiTypography-root MuiTypography-inherit MuiLink-root MuiLink-underlineAlways css-1b3q4o2-MuiTypography-root-MuiLink-root"
          href="https://example.com"
          target="_blank"
        >
          <p
            class="MuiTypography-root MuiTypography-body1 css-1che66z-MuiTypography-root"
          >
            https://example.com
          </p>
        </a>
      </div>
      <div
        class="MuiBox-root css-0"
      >
        <span
          class="MuiTypography-root MuiTypography-overline css-1ooch7a-MuiTypography-root"
        >
          common.source
        </span>
        <p
          class="MuiTypography-root MuiTypography-body1 css-1che66z-MuiTypography-root"
        >
          Homebrew
        </p>
      </div>
    </div>
  </div>,
  "debug": [Function],
  "findAllByAltText": [Function],
  "findAllByDisplayValue": [Function],
  "findAllByLabelText": [Function],
  "findAllByPlaceholderText": [Function],
  "findAllByRole": [Function],
  "findAllByTestId": [Function],
  "findAllByText": [Function],
  "findAllByTitle": [Function],
  "findByAltText": [Function],
  "findByDisplayValue": [Function],
  "findByLabelText": [Function],
  "findByPlaceholderText": [Function],
  "findByRole": [Function],
  "findByTestId": [Function],
  "findByText": [Function],
  "findByTitle": [Function],
  "getAllByAltText": [Function],
  "getAllByDisplayValue": [Function],
  "getAllByLabelText": [Function],
  "getAllByPlaceholderText": [Function],
  "getAllByRole": [Function],
  "getAllByTestId": [Function],
  "getAllByText": [Function],
  "getAllByTitle": [Function],
  "getByAltText": [Function],
  "getByDisplayValue": [Function],
  "getByLabelText": [Function],
  "getByPlaceholderText": [Function],
  "getByRole": [Function],
  "getByTestId": [Function],
  "getByText": [Function],
  "getByTitle": [Function],
  "queryAllByAltText": [Function],
  "queryAllByDisplayValue": [Function],
  "queryAllByLabelText": [Function],
  "queryAllByPlaceholderText": [Function],
  "queryAllByRole": [Function],
  "queryAllByTestId": [Function],
  "queryAllByText": [Function],
  "queryAllByTitle": [Function],
  "queryByAltText": [Function],
  "queryByDisplayValue": [Function],
  "queryByLabelText": [Function],
  "queryByPlaceholderText": [Function],
  "queryByRole": [Function],
  "queryByTestId": [Function],
  "queryByText": [Function],
  "queryByTitle": [Function],
  "rerender": [Function],
  "unmount": [Function],
}
`;
